[OK] Gemini API configurada com sucesso
=== TESTE DE VERIFICAÃ├O DE NORMAS ===

[1] Testando com ABNT (Espera-se ALTA conformidade)...
Score ABNT: 95
Issues ABNT: 1
 - DOC_SIZE: Documento muito curto para anßlise completa

[2] Testando com APA (Espera-se BAIXA conformidade)...
Score APA: 83
Issues APA: 4
Issues encontrados: ['DOC_SIZE', 'ALIGNMENT', 'SPACING', 'MARGINS']
